 RC_DOB_mdl_sfun

 Timestamp is 562593bd (Mon Oct 19 21:07:09 2015)

 Preferred load address is 0000000180000000

 Start         Length     Name                   Class
 0001:00000000 00014784H .text                   CODE
 0001:00014790 00000092H .text$x                 CODE
 0002:00000000 00000490H .idata$5                DATA
 0002:00000490 00000008H .CRT$XCA                DATA
 0002:00000498 00000008H .CRT$XCZ                DATA
 0002:000004a0 00000008H .CRT$XIA                DATA
 0002:000004a8 00000008H .CRT$XIAA               DATA
 0002:000004b0 00000008H .CRT$XIZ                DATA
 0002:000004c0 000006a4H .rdata                  DATA
 0002:00000b68 00000008H .rtc$IAA                DATA
 0002:00000b70 00000008H .rtc$IZZ                DATA
 0002:00000b78 00000008H .rtc$TAA                DATA
 0002:00000b80 00000008H .rtc$TZZ                DATA
 0002:00000b88 00000798H .xdata                  DATA
 0002:00001320 0000008cH .idata$2                DATA
 0002:000013ac 00000014H .idata$3                DATA
 0002:000013c0 00000490H .idata$4                DATA
 0002:00001850 00000cd6H .idata$6                DATA
 0002:00002530 00000055H .edata                  DATA
 0003:00000000 00003e68H .data                   DATA
 0003:00003e70 000006a8H .bss                    DATA
 0004:00000000 00000918H .pdata                  DATA

  Address         Publics by Value              Rva+Base               Lib:Object

 0000:00000000       ___safe_se_handler_count   0000000000000000     <absolute>
 0000:00000000       ___safe_se_handler_table   0000000000000000     <absolute>
 0000:00000000       __ImageBase                0000000180000000     <linker-defined>
 0001:00000000       RC_DOB_mdl_initializer     0000000180001000 f   RC_DOB_mdl_sfun.obj
 0001:00000010       RC_DOB_mdl_terminator      0000000180001010 f   RC_DOB_mdl_sfun.obj
 0001:00000020       sf_RC_DOB_mdl_method_dispatcher 0000000180001020 f   RC_DOB_mdl_sfun.obj
 0001:00000070       sf_RC_DOB_mdl_uses_exported_functions 0000000180001070 f   RC_DOB_mdl_sfun.obj
 0001:000000b0       sf_RC_DOB_mdl_process_check_sum_call 00000001800010b0 f   RC_DOB_mdl_sfun.obj
 0001:000004c0       sf_RC_DOB_mdl_autoinheritance_info 00000001800014c0 f   RC_DOB_mdl_sfun.obj
 0001:00000630       sf_RC_DOB_mdl_get_eml_resolved_functions_info 0000000180001630 f   RC_DOB_mdl_sfun.obj
 0001:00000760       sf_RC_DOB_mdl_third_party_uses_info 0000000180001760 f   RC_DOB_mdl_sfun.obj
 0001:000008b0       sf_RC_DOB_mdl_jit_fallback_info 00000001800018b0 f   RC_DOB_mdl_sfun.obj
 0001:00000a00       sf_RC_DOB_mdl_updateBuildInfo_args_info 0000000180001a00 f   RC_DOB_mdl_sfun.obj
 0001:00000b50       sf_RC_DOB_mdl_get_post_codegen_info 0000000180001b50 f   RC_DOB_mdl_sfun.obj
 0001:00000c20       RC_DOB_mdl_debug_initialize 0000000180001c20 f   RC_DOB_mdl_sfun.obj
 0001:00000ca0       RC_DOB_mdl_register_exported_symbols 0000000180001ca0 f   RC_DOB_mdl_sfun.obj
 0001:00000cb0       load_RC_DOB_mdl_optimization_info 0000000180001cb0 f   RC_DOB_mdl_sfun.obj
 0001:00000d00       unload_RC_DOB_mdl_optimization_info 0000000180001d00 f   RC_DOB_mdl_sfun.obj
 0001:00000d30       sf_c1_RC_DOB_mdl_get_eml_resolved_functions_info 0000000180001d30 f   c1_RC_DOB_mdl.obj
 0001:000041c0       sf_c1_RC_DOB_mdl_get_check_sum 00000001800051c0 f   c1_RC_DOB_mdl.obj
 0001:00004240       sf_c1_RC_DOB_mdl_get_autoinheritance_info 0000000180005240 f   c1_RC_DOB_mdl.obj
 0001:000054a0       sf_c1_RC_DOB_mdl_third_party_uses_info 00000001800064a0 f   c1_RC_DOB_mdl.obj
 0001:000054d0       sf_c1_RC_DOB_mdl_jit_fallback_info 00000001800064d0 f   c1_RC_DOB_mdl.obj
 0001:000055a0       sf_c1_RC_DOB_mdl_updateBuildInfo_args_info 00000001800065a0 f   c1_RC_DOB_mdl.obj
 0001:000055d0       sf_c1_RC_DOB_mdl_get_post_codegen_info 00000001800065d0 f   c1_RC_DOB_mdl.obj
 0001:000056a0       c1_RC_DOB_mdl_method_dispatcher 00000001800066a0 f   c1_RC_DOB_mdl.obj
 0001:0000d150       sf_process_check_sum_call  000000018000e150 f   RC_DOB_mdl_sfun_registry.obj
 0001:0000d1a0       sf_process_machine_uses_exported_functions_call 000000018000e1a0 f   RC_DOB_mdl_sfun_registry.obj
 0001:0000d2f0       sf_process_autoinheritance_call 000000018000e2f0 f   RC_DOB_mdl_sfun_registry.obj
 0001:0000d490       sf_process_get_third_party_uses_info_call 000000018000e490 f   RC_DOB_mdl_sfun_registry.obj
 0001:0000d630       sf_process_get_jit_fallback_info_call 000000018000e630 f   RC_DOB_mdl_sfun_registry.obj
 0001:0000d7d0       sf_process_get_updateBuildInfo_args_info_call 000000018000e7d0 f   RC_DOB_mdl_sfun_registry.obj
 0001:0000d970       sf_process_get_eml_resolved_functions_info_call 000000018000e970 f   RC_DOB_mdl_sfun_registry.obj
 0001:0000daf0       sf_process_get_post_codegen_info 000000018000eaf0 f   RC_DOB_mdl_sfun_registry.obj
 0001:0000dc40       sf_mex_unlock_call         000000018000ec40 f   RC_DOB_mdl_sfun_registry.obj
 0001:0000dcf0       sf_machine_global_initializer_called 000000018000ecf0 f   RC_DOB_mdl_sfun_registry.obj
 0001:0000dd20       sf_machine_global_method_dispatcher 000000018000ed20 f   RC_DOB_mdl_sfun_registry.obj
 0001:0000dd80       sf_machine_global_terminator 000000018000ed80 f   RC_DOB_mdl_sfun_registry.obj
 0001:0000ddd0       sf_register_machine_exported_symbols 000000018000edd0 f   RC_DOB_mdl_sfun_registry.obj
 0001:0000ddf0       callCustomFcn              000000018000edf0 f   RC_DOB_mdl_sfun_registry.obj
 0001:0000de00       sf_machine_global_initializer 000000018000ee00 f   RC_DOB_mdl_sfun_registry.obj
 0001:0000de80       mdlGetSimState             000000018000ee80 f   RC_DOB_mdl_sfun_registry.obj
 0001:0000df00       mdlSetSimState             000000018000ef00 f   RC_DOB_mdl_sfun_registry.obj
 0001:0000df40       _ssSetStateAbsTol          000000018000ef40 f   RC_DOB_mdl_sfun_registry.obj
 0001:0000e020       _ssGetAbsTol               000000018000f020 f   RC_DOB_mdl_sfun_registry.obj
 0001:0000e090       _ssSetInputPortMatrixDimensions 000000018000f090 f   RC_DOB_mdl_sfun_registry.obj
 0001:0000e1a0       _ssSetOutputPortMatrixDimensions 000000018000f1a0 f   RC_DOB_mdl_sfun_registry.obj
 0001:0000e2b0       _ssSetInputPortVectorDimension 000000018000f2b0 f   RC_DOB_mdl_sfun_registry.obj
 0001:0000e380       _ssSetOutputPortVectorDimension 000000018000f380 f   RC_DOB_mdl_sfun_registry.obj
 0001:0000e450       ssIsRunTimeParamTunable    000000018000f450 f   RC_DOB_mdl_sfun_registry.obj
 0001:0000e4c0       ssGetSFuncBlockHandle      000000018000f4c0 f   RC_DOB_mdl_sfun_registry.obj
 0001:0000e530       _ssGetCurrentInputPortWidth 000000018000f530 f   RC_DOB_mdl_sfun_registry.obj
 0001:0000e650       _ssGetCurrentOutputPortWidth 000000018000f650 f   RC_DOB_mdl_sfun_registry.obj
 0001:0000e770       _ssGetCallSystemNumFcnCallDestinations 000000018000f770 f   RC_DOB_mdl_sfun_registry.obj
 0001:0000e7e0       ssWarning                  000000018000f7e0 f   RC_DOB_mdl_sfun_registry.obj
 0001:0000e8f0       ssGetIsZeroCrossControlDisabled 000000018000f8f0 f   RC_DOB_mdl_sfun_registry.obj
 0001:0000e960       ssSetIsInputPortUsedForContZcSignal 000000018000f960 f   RC_DOB_mdl_sfun_registry.obj
 0001:0000e9d0       ssSetZcSignalIsZcElementDisc 000000018000f9d0 f   RC_DOB_mdl_sfun_registry.obj
 0001:0000ea80       ssSetZcSignalName          000000018000fa80 f   RC_DOB_mdl_sfun_registry.obj
 0001:0000eaf0       ssSetZcSignalWidth         000000018000faf0 f   RC_DOB_mdl_sfun_registry.obj
 0001:0000eb60       ssSetZcSignalZcEventType   000000018000fb60 f   RC_DOB_mdl_sfun_registry.obj
 0001:0000ebd0       ssSetZcSignalType          000000018000fbd0 f   RC_DOB_mdl_sfun_registry.obj
 0001:0000ec40       ssSetZcSignalZcTol         000000018000fc40 f   RC_DOB_mdl_sfun_registry.obj
 0001:0000ecb0       ssSetZcSignalNeedsEventNotification 000000018000fcb0 f   RC_DOB_mdl_sfun_registry.obj
 0001:0000ed20       ssCreateAndAddZcSignalInfo 000000018000fd20 f   RC_DOB_mdl_sfun_registry.obj
 0001:0000ed90       ssCloneAndAddZcSignalInfo  000000018000fd90 f   RC_DOB_mdl_sfun_registry.obj
 0001:0000ee00       ssGetNumZcSignals          000000018000fe00 f   RC_DOB_mdl_sfun_registry.obj
 0001:0000ee70       ssGetZcSignalVector        000000018000fe70 f   RC_DOB_mdl_sfun_registry.obj
 0001:0000eee0       ssGetZcSignalZcEvents      000000018000fee0 f   RC_DOB_mdl_sfun_registry.obj
 0001:0000ef50       ssGetZcSignalName          000000018000ff50 f   RC_DOB_mdl_sfun_registry.obj
 0001:0000efc0       ssGetZcSignalWidth         000000018000ffc0 f   RC_DOB_mdl_sfun_registry.obj
 0001:0000f030       ssGetZcSignalZcEventType   0000000180010030 f   RC_DOB_mdl_sfun_registry.obj
 0001:0000f0a0       ssGetZcSignalType          00000001800100a0 f   RC_DOB_mdl_sfun_registry.obj
 0001:0000f110       ssGetZcSignalZcTol         0000000180010110 f   RC_DOB_mdl_sfun_registry.obj
 0001:0000f190       ssGetZcSignalNeedsEventNotification 0000000180010190 f   RC_DOB_mdl_sfun_registry.obj
 0001:0000f200       ssGetZcSignalIsZcElementDisc 0000000180010200 f   RC_DOB_mdl_sfun_registry.obj
 0001:0000f2a0       ssGetIsInputPortElementContinuous 00000001800102a0 f   RC_DOB_mdl_sfun_registry.obj
 0001:0000f340       _ssGetInputPortSignalPtrsFcn 0000000180010340 f   RC_DOB_mdl_sfun_registry.obj
 0001:0000f600       _ssGetInputPortSignalFcn   0000000180010600 f   RC_DOB_mdl_sfun_registry.obj
 0001:0000f820       _ssSetInputPortDirectFeedThroughFcn 0000000180010820 f   RC_DOB_mdl_sfun_registry.obj
 0001:0000f980       _ssSetInputPortReusableFcn 0000000180010980 f   RC_DOB_mdl_sfun_registry.obj
 0001:0000fa70       _ssSetOutputPortReusableFcn 0000000180010a70 f   RC_DOB_mdl_sfun_registry.obj
 0001:0000fb50       ssGetDTypeIdFromMxArray    0000000180010b50 f   RC_DOB_mdl_sfun_registry.obj
 0001:0000fc70       ssWriteRTWStr              0000000180010c70 f   RC_DOB_mdl_sfun_registry.obj
 0001:0000fcd0       ssWriteRTWMxVectParam      0000000180010cd0 f   RC_DOB_mdl_sfun_registry.obj
 0001:0000fd30       ssWriteRTWMx2dMatParam     0000000180010d30 f   RC_DOB_mdl_sfun_registry.obj
 0001:0000fdb0       ssWriteRTWNameValuePair    0000000180010db0 f   RC_DOB_mdl_sfun_registry.obj
 0001:000102a0       ssWriteRTWParameters       00000001800112a0 f   RC_DOB_mdl_sfun_registry.obj
 0001:000108a0       ssWriteRTWParamSettings    00000001800118a0 f   RC_DOB_mdl_sfun_registry.obj
 0001:00010f70       ssWriteRTWWorkVect         0000000180011f70 f   RC_DOB_mdl_sfun_registry.obj
 0001:00011470       mexFunction                0000000180012470 f   RC_DOB_mdl_sfun_registry.obj
 0001:00013990       ProcessMexSfunctionEveryCall 0000000180014990 f   RC_DOB_mdl_sfun_registry.obj
 0001:00013b12       sf_debug_set_machine_data_thresholds 0000000180014b12 f   sf_runtime:sf_runtime.dll
 0001:00013b18       sf_debug_set_machine_event_thresholds 0000000180014b18 f   sf_runtime:sf_runtime.dll
 0001:00013b1e       sf_debug_initialize_machine 0000000180014b1e f   sf_runtime:sf_runtime.dll
 0001:00013b24       sf_load_rtw_optimization_info 0000000180014b24 f   sf_runtime:sf_runtime.dll
 0001:00013b2a       sf_mex_emlrtNameCapturePostProcessR2012a 0000000180014b2a f   sf_runtime:sf_runtime.dll
 0001:00013b30       sf_mex_assign              0000000180014b30 f   sf_runtime:sf_runtime.dll
 0001:00013b36       sf_mex_createstruct        0000000180014b36 f   sf_runtime:sf_runtime.dll
 0001:00013b3c       sf_mex_destroy             0000000180014b3c f   sf_runtime:sf_runtime.dll
 0001:00013b42       sf_mex_duplicatearraysafe  0000000180014b42 f   sf_runtime:sf_runtime.dll
 0001:00013b48       sf_mex_createcellmatrix    0000000180014b48 f   sf_runtime:sf_runtime.dll
 0001:00013b4e       sf_mex_addfield            0000000180014b4e f   sf_runtime:sf_runtime.dll
 0001:00013b54       sf_mex_create              0000000180014b54 f   sf_runtime:sf_runtime.dll
 0001:00013b5a       sf_mex_error_message       0000000180014b5a f   sf_runtime:sf_runtime.dll
 0001:00013b60       sf_set_rtw_dwork_info      0000000180014b60 f   sf_runtime:sf_runtime.dll
 0001:00013b66       sf_mark_chart_reusable_outputs 0000000180014b66 f   sf_runtime:sf_runtime.dll
 0001:00013b6c       sf_mark_chart_expressionable_inputs 0000000180014b6c f   sf_runtime:sf_runtime.dll
 0001:00013b72       sf_update_buildInfo        0000000180014b72 f   sf_runtime:sf_runtime.dll
 0001:00013b78       sf_rtw_info_uint_prop      0000000180014b78 f   sf_runtime:sf_runtime.dll
 0001:00013b7e       sf_is_chart_inlinable      0000000180014b7e f   sf_runtime:sf_runtime.dll
 0001:00013b84       sim_mode_is_external       0000000180014b84 f   sf_runtime:sf_runtime.dll
 0001:00013b8a       sim_mode_is_rtw_gen        0000000180014b8a f   sf_runtime:sf_runtime.dll
 0001:00013b90       ssGetOutputPortSignal_wrapper 0000000180014b90 f   sf_runtime:sf_runtime.dll
 0001:00013b96       ssGetInputPortSignal_wrapper 0000000180014b96 f   sf_runtime:sf_runtime.dll
 0001:00013b9c       sf_mex_decode_encoded_mx_struct_array 0000000180014b9c f   sf_runtime:sf_runtime.dll
 0001:00013ba2       sf_debug_reset_current_state_configuration 0000000180014ba2 f   sf_runtime:sf_runtime.dll
 0001:00013ba8       sf_debug_set_instance_data_value_ptr 0000000180014ba8 f   sf_runtime:sf_runtime.dll
 0001:00013bae       sf_debug_set_chart_data_compiled_props 0000000180014bae f   sf_runtime:sf_runtime.dll
 0001:00013bb4       cv_eml_init_relational     0000000180014bb4 f   sf_runtime:sf_runtime.dll
 0001:00013bba       cv_eml_init_if             0000000180014bba f   sf_runtime:sf_runtime.dll
 0001:00013bc0       cv_eml_init_fcn            0000000180014bc0 f   sf_runtime:sf_runtime.dll
 0001:00013bc6       cv_eml_init_script         0000000180014bc6 f   sf_runtime:sf_runtime.dll
 0001:00013bcc       sf_debug_cv_init_trans     0000000180014bcc f   sf_runtime:sf_runtime.dll
 0001:00013bd2       sf_debug_cv_init_state     0000000180014bd2 f   sf_runtime:sf_runtime.dll
 0001:00013bd8       sf_debug_cv_init_chart     0000000180014bd8 f   sf_runtime:sf_runtime.dll
 0001:00013bde       sf_debug_set_chart_decomposition 0000000180014bde f   sf_runtime:sf_runtime.dll
 0001:00013be4       sf_debug_set_chart_substate_count 0000000180014be4 f   sf_runtime:sf_runtime.dll
 0001:00013bea       sf_debug_set_chart_state_info 0000000180014bea f   sf_runtime:sf_runtime.dll
 0001:00013bf0       sf_debug_set_chart_data_props 0000000180014bf0 f   sf_runtime:sf_runtime.dll
 0001:00013bf6       sf_debug_set_chart_event_thresholds 0000000180014bf6 f   sf_runtime:sf_runtime.dll
 0001:00013bfc       sf_debug_set_chart_disable_implicit_casting 0000000180014bfc f   sf_runtime:sf_runtime.dll
 0001:00013c02       sf_debug_initialize_chart  0000000180014c02 f   sf_runtime:sf_runtime.dll
 0001:00013c08       sf_mex_dup                 0000000180014c08 f   sf_runtime:sf_runtime.dll
 0001:00013c0e       sf_mex_import              0000000180014c0e f   sf_runtime:sf_runtime.dll
 0001:00013c14       sf_get_time                0000000180014c14 f   sf_runtime:sf_runtime.dll
 0001:00013c1a       sf_debug_check_for_state_inconsistency 0000000180014c1a f   sf_runtime:sf_runtime.dll
 0001:00013c20       sf_debug_symbol_scope_pop  0000000180014c20 f   sf_runtime:sf_runtime.dll
 0001:00013c26       sf_debug_data_range_wrapper 0000000180014c26 f   sf_runtime:sf_runtime.dll
 0001:00013c2c       sf_debug_call              0000000180014c2c f   sf_runtime:sf_runtime.dll
 0001:00013c32       sf_debug_symbol_scope_push 0000000180014c32 f   sf_runtime:sf_runtime.dll
 0001:00013c38       sf_debug_eml_data_array_bounds_error_check 0000000180014c38 f   sf_runtime:sf_runtime.dll
 0001:00013c3e       sf_debug_integer_check     0000000180014c3e f   sf_runtime:sf_runtime.dll
 0001:00013c44       cv_eval_relational         0000000180014c44 f   sf_runtime:sf_runtime.dll
 0001:00013c4a       eml_debug_line_call        0000000180014c4a f   sf_runtime:sf_runtime.dll
 0001:00013c50       cv_eml_eval                0000000180014c50 f   sf_runtime:sf_runtime.dll
 0001:00013c56       sf_debug_symbol_scope_add_eml_dyn_importable 0000000180014c56 f   sf_runtime:sf_runtime.dll
 0001:00013c5c       sf_debug_symbol_scope_add_eml 0000000180014c5c f   sf_runtime:sf_runtime.dll
 0001:00013c62       sf_debug_symbol_scope_add_eml_importable 0000000180014c62 f   sf_runtime:sf_runtime.dll
 0001:00013c68       sf_debug_symbol_scope_push_eml 0000000180014c68 f   sf_runtime:sf_runtime.dll
 0001:00013c6e       sf_mex_import_vs           0000000180014c6e f   sf_runtime:sf_runtime.dll
 0001:00013c74       sf_mex_setcell             0000000180014c74 f   sf_runtime:sf_runtime.dll
 0001:00013c7a       sf_mex_getcell             0000000180014c7a f   sf_runtime:sf_runtime.dll
 0001:00013c80       sf_clear_rtw_identifier    0000000180014c80 f   sf_runtime:sf_runtime.dll
 0001:00013c86       sf_debug_terminate         0000000180014c86 f   sf_runtime:sf_runtime.dll
 0001:00013c8c       sf_debug_create_debug_instance_struct 0000000180014c8c f   sf_runtime:sf_runtime.dll
 0001:00013c92       sf_debug_api               0000000180014c92 f   sf_runtime:sf_runtime.dll
 0001:00013c98       callMdlMethodAndReportError 0000000180014c98 f   sf_runtime:sf_runtime.dll
 0001:00013c9e       call_sf_machine_global_method_dispatcher 0000000180014c9e f   sf_runtime:sf_runtime.dll
 0001:00013ca4       sf_clear_error_manager_info 0000000180014ca4 f   sf_runtime:sf_runtime.dll
 0001:00013caa       sf_mex_error_direct_call   0000000180014caa f   sf_runtime:sf_runtime.dll
 0001:00013cb0       mxCreateLogicalScalar      0000000180014cb0 f   libmx:libmx.dll
 0001:00013cb6       mxGetScalar                0000000180014cb6 f   libmx:libmx.dll
 0001:00013cbc       mxGetPr                    0000000180014cbc f   libmx:libmx.dll
 0001:00013cc2       mxCreateDoubleMatrix_730   0000000180014cc2 f   libmx:libmx.dll
 0001:00013cc8       mxGetString_730            0000000180014cc8 f   libmx:libmx.dll
 0001:00013cce       mxIsChar                   0000000180014cce f   libmx:libmx.dll
 0001:00013cd4       mxDestroyArray             0000000180014cd4 f   libmx:libmx.dll
 0001:00013cda       mxDuplicateArray           0000000180014cda f   libmx:libmx.dll
 0001:00013ce0       mxCreateDoubleScalar       0000000180014ce0 f   libmx:libmx.dll
 0001:00013ce6       mxSetField_730             0000000180014ce6 f   libmx:libmx.dll
 0001:00013cec       mxCreateString             0000000180014cec f   libmx:libmx.dll
 0001:00013cf2       mxCreateStructMatrix_730   0000000180014cf2 f   libmx:libmx.dll
 0001:00013cf8       mxCreateCellMatrix_730     0000000180014cf8 f   libmx:libmx.dll
 0001:00013cfe       mxCreateCellArray_730      0000000180014cfe f   libmx:libmx.dll
 0001:00013d04       mxCreateStructArray_730    0000000180014d04 f   libmx:libmx.dll
 0001:00013d0a       mxIsEmpty                  0000000180014d0a f   libmx:libmx.dll
 0001:00013d10       mxGetClassID               0000000180014d10 f   libmx:libmx.dll
 0001:00013d16       mxIsNumeric                0000000180014d16 f   libmx:libmx.dll
 0001:00013d1c       mxIsComplex                0000000180014d1c f   libmx:libmx.dll
 0001:00013d22       mxGetN                     0000000180014d22 f   libmx:libmx.dll
 0001:00013d28       mxGetM                     0000000180014d28 f   libmx:libmx.dll
 0001:00013d2e       mxCalloc                   0000000180014d2e f   libmx:libmx.dll
 0001:00013d34       mexMakeArrayPersistent     0000000180014d34 f   libmex:libmex.dll
 0001:00013d3a       mexUnlock                  0000000180014d3a f   libmex:libmex.dll
 0001:00013d40       mexIsLocked                0000000180014d40 f   libmex:libmex.dll
 0001:00013d46       mexWarnMsgTxt              0000000180014d46 f   libmex:libmex.dll
 0001:00013d4c       mexCallMATLABWithObject    0000000180014d4c f   libmex:libmex.dll
 0001:00013d52       mexErrMsgTxt               0000000180014d52 f   libmex:libmex.dll
 0001:00013d58       mexLock                    0000000180014d58 f   libmex:libmex.dll
 0001:00013d5e       utMalloc                   0000000180014d5e f   libut:libut.dll
 0001:00013d64       utFree                     0000000180014d64 f   libut:libut.dll
 0001:00013d6a       muDoubleScalarPower        0000000180014d6a f   libmwmathutil:libmwmathutil.dll
 0001:00013d70       __GSHandlerCheckCommon     0000000180014d70 f   MSVCRT:gshandler.obj
 0001:00013dd4       __GSHandlerCheck           0000000180014dd4 f   MSVCRT:gshandler.obj
 0001:00013df2       strcmp                     0000000180014df2 f   MSVCRT:MSVCR100.dll
 0001:00013e10       __security_check_cookie    0000000180014e10 f   MSVCRT:amdsecgs.obj
 0001:00013e30       strlen                     0000000180014e30 f   MSVCRT:MSVCR100.dll
 0001:00013e36       memset                     0000000180014e36 f   MSVCRT:MSVCR100.dll
 0001:00013e3c       free                       0000000180014e3c f   MSVCRT:MSVCR100.dll
 0001:00013e42       sprintf                    0000000180014e42 f   MSVCRT:MSVCR100.dll
 0001:00013e48       malloc                     0000000180014e48 f   MSVCRT:MSVCR100.dll
 0001:00013e4e       strcat                     0000000180014e4e f   MSVCRT:MSVCR100.dll
 0001:00013e54       memcpy                     0000000180014e54 f   MSVCRT:MSVCR100.dll
 0001:00013e5c       NtCurrentTeb               0000000180014e5c f i MSVCRT:crtdll.obj
 0001:00013ec8       _CRT_INIT                  0000000180014ec8 f   MSVCRT:crtdll.obj
 0001:00014260       _DllMainCRTStartup         0000000180015260 f   MSVCRT:crtdll.obj
 0001:000142a0       __report_gsfailure         00000001800152a0 f   MSVCRT:gs_report.obj
 0001:000143ec       __clean_type_info_names    00000001800153ec f   MSVCRT:tncleanup.obj
 0001:000143f8       _onexit                    00000001800153f8 f   MSVCRT:atonexit.obj
 0001:000144a8       atexit                     00000001800154a8 f   MSVCRT:atonexit.obj
 0001:000144c0       _RTC_Initialize            00000001800154c0 f   MSVCRT:_initsect_.obj
 0001:000144f8       _RTC_Terminate             00000001800154f8 f   MSVCRT:_initsect_.obj
 0001:00014530       _malloc_crt                0000000180015530 f   MSVCRT:MSVCR100.dll
 0001:00014540       _ValidateImageBase         0000000180015540 f   MSVCRT:pesect.obj
 0001:00014570       _FindPESection             0000000180015570 f   MSVCRT:pesect.obj
 0001:000145c0       _IsNonwritableInCurrentImage 00000001800155c0 f   MSVCRT:pesect.obj
 0001:00014602       _initterm                  0000000180015602 f   MSVCRT:MSVCR100.dll
 0001:00014608       _initterm_e                0000000180015608 f   MSVCRT:MSVCR100.dll
 0001:0001460e       _encoded_null              000000018001560e f   MSVCRT:MSVCR100.dll
 0001:00014614       _amsg_exit                 0000000180015614 f   MSVCRT:MSVCR100.dll
 0001:0001461a       __C_specific_handler       000000018001561a f   MSVCRT:MSVCR100.dll
 0001:00014620       __CppXcptFilter            0000000180015620 f   MSVCRT:MSVCR100.dll
 0001:00014628       DllMain                    0000000180015628 f   MSVCRT:dllmain.obj
 0001:0001464c       __security_init_cookie     000000018001564c f   MSVCRT:gs_support.obj
 0001:00014700       __crt_debugger_hook        0000000180015700 f   MSVCRT:MSVCR100.dll
 0001:00014706       __clean_type_info_names_internal 0000000180015706 f   MSVCRT:MSVCR100.dll
 0001:0001470c       _unlock                    000000018001570c f   MSVCRT:MSVCR100.dll
 0001:00014712       __dllonexit                0000000180015712 f   MSVCRT:MSVCR100.dll
 0001:00014718       _lock                      0000000180015718 f   MSVCRT:MSVCR100.dll
 0001:0001471e       EncodePointer              000000018001571e f   kernel32:KERNEL32.dll
 0001:00014724       DecodePointer              0000000180015724 f   kernel32:KERNEL32.dll
 0001:0001472a       Sleep                      000000018001572a f   kernel32:KERNEL32.dll
 0001:00014730       TerminateProcess           0000000180015730 f   kernel32:KERNEL32.dll
 0001:00014736       GetCurrentProcess          0000000180015736 f   kernel32:KERNEL32.dll
 0001:0001473c       UnhandledExceptionFilter   000000018001573c f   kernel32:KERNEL32.dll
 0001:00014742       SetUnhandledExceptionFilter 0000000180015742 f   kernel32:KERNEL32.dll
 0001:00014748       IsDebuggerPresent          0000000180015748 f   kernel32:KERNEL32.dll
 0001:0001474e       RtlVirtualUnwind           000000018001574e f   kernel32:KERNEL32.dll
 0001:00014754       RtlLookupFunctionEntry     0000000180015754 f   kernel32:KERNEL32.dll
 0001:0001475a       RtlCaptureContext          000000018001575a f   kernel32:KERNEL32.dll
 0001:00014760       DisableThreadLibraryCalls  0000000180015760 f   kernel32:KERNEL32.dll
 0001:00014766       QueryPerformanceCounter    0000000180015766 f   kernel32:KERNEL32.dll
 0001:0001476c       GetTickCount               000000018001576c f   kernel32:KERNEL32.dll
 0001:00014772       GetCurrentThreadId         0000000180015772 f   kernel32:KERNEL32.dll
 0001:00014778       GetCurrentProcessId        0000000180015778 f   kernel32:KERNEL32.dll
 0001:0001477e       GetSystemTimeAsFileTime    000000018001577e f   kernel32:KERNEL32.dll
 0002:00000000       __imp_GetSystemTimeAsFileTime 0000000180016000     kernel32:KERNEL32.dll
 0002:00000008       __imp_GetCurrentProcessId  0000000180016008     kernel32:KERNEL32.dll
 0002:00000010       __imp_GetCurrentThreadId   0000000180016010     kernel32:KERNEL32.dll
 0002:00000018       __imp_GetTickCount         0000000180016018     kernel32:KERNEL32.dll
 0002:00000020       __imp_QueryPerformanceCounter 0000000180016020     kernel32:KERNEL32.dll
 0002:00000028       __imp_DisableThreadLibraryCalls 0000000180016028     kernel32:KERNEL32.dll
 0002:00000030       __imp_RtlCaptureContext    0000000180016030     kernel32:KERNEL32.dll
 0002:00000038       __imp_RtlLookupFunctionEntry 0000000180016038     kernel32:KERNEL32.dll
 0002:00000040       __imp_RtlVirtualUnwind     0000000180016040     kernel32:KERNEL32.dll
 0002:00000048       __imp_IsDebuggerPresent    0000000180016048     kernel32:KERNEL32.dll
 0002:00000050       __imp_SetUnhandledExceptionFilter 0000000180016050     kernel32:KERNEL32.dll
 0002:00000058       __imp_UnhandledExceptionFilter 0000000180016058     kernel32:KERNEL32.dll
 0002:00000060       __imp_GetCurrentProcess    0000000180016060     kernel32:KERNEL32.dll
 0002:00000068       __imp_TerminateProcess     0000000180016068     kernel32:KERNEL32.dll
 0002:00000070       __imp_Sleep                0000000180016070     kernel32:KERNEL32.dll
 0002:00000078       __imp_DecodePointer        0000000180016078     kernel32:KERNEL32.dll
 0002:00000080       __imp_EncodePointer        0000000180016080     kernel32:KERNEL32.dll
 0002:00000088       \177KERNEL32_NULL_THUNK_DATA 0000000180016088     kernel32:KERNEL32.dll
 0002:00000090       __imp__onexit              0000000180016090     MSVCRT:MSVCR100.dll
 0002:00000098       __imp__lock                0000000180016098     MSVCRT:MSVCR100.dll
 0002:000000a0       __imp___dllonexit          00000001800160a0     MSVCRT:MSVCR100.dll
 0002:000000a8       __imp__unlock              00000001800160a8     MSVCRT:MSVCR100.dll
 0002:000000b0       __imp___clean_type_info_names_internal 00000001800160b0     MSVCRT:MSVCR100.dll
 0002:000000b8       __imp___crt_debugger_hook  00000001800160b8     MSVCRT:MSVCR100.dll
 0002:000000c0       __imp___CppXcptFilter      00000001800160c0     MSVCRT:MSVCR100.dll
 0002:000000c8       __imp___C_specific_handler 00000001800160c8     MSVCRT:MSVCR100.dll
 0002:000000d0       __imp__amsg_exit           00000001800160d0     MSVCRT:MSVCR100.dll
 0002:000000d8       __imp__encoded_null        00000001800160d8     MSVCRT:MSVCR100.dll
 0002:000000e0       __imp__initterm_e          00000001800160e0     MSVCRT:MSVCR100.dll
 0002:000000e8       __imp__initterm            00000001800160e8     MSVCRT:MSVCR100.dll
 0002:000000f0       __imp__malloc_crt          00000001800160f0     MSVCRT:MSVCR100.dll
 0002:000000f8       __imp_memcpy               00000001800160f8     MSVCRT:MSVCR100.dll
 0002:00000100       __imp_strcat               0000000180016100     MSVCRT:MSVCR100.dll
 0002:00000108       __imp_malloc               0000000180016108     MSVCRT:MSVCR100.dll
 0002:00000110       __imp_sprintf              0000000180016110     MSVCRT:MSVCR100.dll
 0002:00000118       __imp_free                 0000000180016118     MSVCRT:MSVCR100.dll
 0002:00000120       __imp_memset               0000000180016120     MSVCRT:MSVCR100.dll
 0002:00000128       __imp_strlen               0000000180016128     MSVCRT:MSVCR100.dll
 0002:00000130       __imp_strcmp               0000000180016130     MSVCRT:MSVCR100.dll
 0002:00000138       \177MSVCR100_NULL_THUNK_DATA 0000000180016138     MSVCRT:MSVCR100.dll
 0002:00000140       __imp_mexCallMATLABWithObject 0000000180016140     libmex:libmex.dll
 0002:00000148       __imp_mexUnlock            0000000180016148     libmex:libmex.dll
 0002:00000150       __imp_mexLock              0000000180016150     libmex:libmex.dll
 0002:00000158       __imp_mexErrMsgTxt         0000000180016158     libmex:libmex.dll
 0002:00000160       __imp_mexMakeArrayPersistent 0000000180016160     libmex:libmex.dll
 0002:00000168       __imp_mexWarnMsgTxt        0000000180016168     libmex:libmex.dll
 0002:00000170       __imp_mexIsLocked          0000000180016170     libmex:libmex.dll
 0002:00000178       \177libmex_NULL_THUNK_DATA 0000000180016178     libmex:libmex.dll
 0002:00000180       __imp_muDoubleScalarPower  0000000180016180     libmwmathutil:libmwmathutil.dll
 0002:00000188       \177libmwmathutil_NULL_THUNK_DATA 0000000180016188     libmwmathutil:libmwmathutil.dll
 0002:00000190       __imp_mxCalloc             0000000180016190     libmx:libmx.dll
 0002:00000198       __imp_mxGetM               0000000180016198     libmx:libmx.dll
 0002:000001a0       __imp_mxGetN               00000001800161a0     libmx:libmx.dll
 0002:000001a8       __imp_mxIsComplex          00000001800161a8     libmx:libmx.dll
 0002:000001b0       __imp_mxIsNumeric          00000001800161b0     libmx:libmx.dll
 0002:000001b8       __imp_mxGetClassID         00000001800161b8     libmx:libmx.dll
 0002:000001c0       __imp_mxIsEmpty            00000001800161c0     libmx:libmx.dll
 0002:000001c8       __imp_mxCreateStructArray_730 00000001800161c8     libmx:libmx.dll
 0002:000001d0       __imp_mxCreateCellArray_730 00000001800161d0     libmx:libmx.dll
 0002:000001d8       __imp_mxCreateCellMatrix_730 00000001800161d8     libmx:libmx.dll
 0002:000001e0       __imp_mxCreateStructMatrix_730 00000001800161e0     libmx:libmx.dll
 0002:000001e8       __imp_mxCreateString       00000001800161e8     libmx:libmx.dll
 0002:000001f0       __imp_mxSetField_730       00000001800161f0     libmx:libmx.dll
 0002:000001f8       __imp_mxCreateDoubleScalar 00000001800161f8     libmx:libmx.dll
 0002:00000200       __imp_mxDuplicateArray     0000000180016200     libmx:libmx.dll
 0002:00000208       __imp_mxDestroyArray       0000000180016208     libmx:libmx.dll
 0002:00000210       __imp_mxIsChar             0000000180016210     libmx:libmx.dll
 0002:00000218       __imp_mxGetString_730      0000000180016218     libmx:libmx.dll
 0002:00000220       __imp_mxCreateDoubleMatrix_730 0000000180016220     libmx:libmx.dll
 0002:00000228       __imp_mxCreateLogicalScalar 0000000180016228     libmx:libmx.dll
 0002:00000230       __imp_mxGetScalar          0000000180016230     libmx:libmx.dll
 0002:00000238       __imp_mxGetPr              0000000180016238     libmx:libmx.dll
 0002:00000240       \177libmx_NULL_THUNK_DATA  0000000180016240     libmx:libmx.dll
 0002:00000248       __imp_utMalloc             0000000180016248     libut:libut.dll
 0002:00000250       __imp_utFree               0000000180016250     libut:libut.dll
 0002:00000258       \177libut_NULL_THUNK_DATA  0000000180016258     libut:libut.dll
 0002:00000260       __imp_call_sf_machine_global_method_dispatcher 0000000180016260     sf_runtime:sf_runtime.dll
 0002:00000268       __imp_callMdlMethodAndReportError 0000000180016268     sf_runtime:sf_runtime.dll
 0002:00000270       __imp_sf_debug_api         0000000180016270     sf_runtime:sf_runtime.dll
 0002:00000278       __imp_sf_debug_create_debug_instance_struct 0000000180016278     sf_runtime:sf_runtime.dll
 0002:00000280       __imp_sf_debug_terminate   0000000180016280     sf_runtime:sf_runtime.dll
 0002:00000288       __imp_sf_clear_rtw_identifier 0000000180016288     sf_runtime:sf_runtime.dll
 0002:00000290       __imp_sf_mex_getcell       0000000180016290     sf_runtime:sf_runtime.dll
 0002:00000298       __imp_sf_mex_setcell       0000000180016298     sf_runtime:sf_runtime.dll
 0002:000002a0       __imp_sf_mex_import_vs     00000001800162a0     sf_runtime:sf_runtime.dll
 0002:000002a8       __imp_sf_debug_symbol_scope_push_eml 00000001800162a8     sf_runtime:sf_runtime.dll
 0002:000002b0       __imp_sf_debug_symbol_scope_add_eml_importable 00000001800162b0     sf_runtime:sf_runtime.dll
 0002:000002b8       __imp_sf_debug_symbol_scope_add_eml 00000001800162b8     sf_runtime:sf_runtime.dll
 0002:000002c0       __imp_sf_clear_error_manager_info 00000001800162c0     sf_runtime:sf_runtime.dll
 0002:000002c8       __imp_cv_eml_eval          00000001800162c8     sf_runtime:sf_runtime.dll
 0002:000002d0       __imp_eml_debug_line_call  00000001800162d0     sf_runtime:sf_runtime.dll
 0002:000002d8       __imp_cv_eval_relational   00000001800162d8     sf_runtime:sf_runtime.dll
 0002:000002e0       __imp_sf_debug_integer_check 00000001800162e0     sf_runtime:sf_runtime.dll
 0002:000002e8       __imp_sf_debug_eml_data_array_bounds_error_check 00000001800162e8     sf_runtime:sf_runtime.dll
 0002:000002f0       __imp_sf_debug_symbol_scope_push 00000001800162f0     sf_runtime:sf_runtime.dll
 0002:000002f8       __imp_sf_debug_call        00000001800162f8     sf_runtime:sf_runtime.dll
 0002:00000300       __imp_sf_debug_data_range_wrapper 0000000180016300     sf_runtime:sf_runtime.dll
 0002:00000308       __imp_sf_debug_symbol_scope_pop 0000000180016308     sf_runtime:sf_runtime.dll
 0002:00000310       __imp_sf_debug_check_for_state_inconsistency 0000000180016310     sf_runtime:sf_runtime.dll
 0002:00000318       __imp_sf_get_time          0000000180016318     sf_runtime:sf_runtime.dll
 0002:00000320       __imp_sf_mex_import        0000000180016320     sf_runtime:sf_runtime.dll
 0002:00000328       __imp_sf_mex_error_direct_call 0000000180016328     sf_runtime:sf_runtime.dll
 0002:00000330       __imp_sf_debug_symbol_scope_add_eml_dyn_importable 0000000180016330     sf_runtime:sf_runtime.dll
 0002:00000338       __imp_sf_mex_dup           0000000180016338     sf_runtime:sf_runtime.dll
 0002:00000340       __imp_sf_debug_initialize_chart 0000000180016340     sf_runtime:sf_runtime.dll
 0002:00000348       __imp_sf_debug_set_chart_disable_implicit_casting 0000000180016348     sf_runtime:sf_runtime.dll
 0002:00000350       __imp_sf_debug_set_chart_event_thresholds 0000000180016350     sf_runtime:sf_runtime.dll
 0002:00000358       __imp_sf_debug_set_chart_data_props 0000000180016358     sf_runtime:sf_runtime.dll
 0002:00000360       __imp_sf_debug_set_chart_state_info 0000000180016360     sf_runtime:sf_runtime.dll
 0002:00000368       __imp_sf_debug_set_chart_substate_count 0000000180016368     sf_runtime:sf_runtime.dll
 0002:00000370       __imp_sf_debug_set_chart_decomposition 0000000180016370     sf_runtime:sf_runtime.dll
 0002:00000378       __imp_sf_debug_cv_init_chart 0000000180016378     sf_runtime:sf_runtime.dll
 0002:00000380       __imp_sf_debug_cv_init_state 0000000180016380     sf_runtime:sf_runtime.dll
 0002:00000388       __imp_sf_debug_cv_init_trans 0000000180016388     sf_runtime:sf_runtime.dll
 0002:00000390       __imp_cv_eml_init_script   0000000180016390     sf_runtime:sf_runtime.dll
 0002:00000398       __imp_cv_eml_init_fcn      0000000180016398     sf_runtime:sf_runtime.dll
 0002:000003a0       __imp_cv_eml_init_if       00000001800163a0     sf_runtime:sf_runtime.dll
 0002:000003a8       __imp_cv_eml_init_relational 00000001800163a8     sf_runtime:sf_runtime.dll
 0002:000003b0       __imp_sf_debug_set_chart_data_compiled_props 00000001800163b0     sf_runtime:sf_runtime.dll
 0002:000003b8       __imp_sf_debug_set_instance_data_value_ptr 00000001800163b8     sf_runtime:sf_runtime.dll
 0002:000003c0       __imp_sf_debug_reset_current_state_configuration 00000001800163c0     sf_runtime:sf_runtime.dll
 0002:000003c8       __imp_sf_mex_decode_encoded_mx_struct_array 00000001800163c8     sf_runtime:sf_runtime.dll
 0002:000003d0       __imp_ssGetInputPortSignal_wrapper 00000001800163d0     sf_runtime:sf_runtime.dll
 0002:000003d8       __imp_ssGetOutputPortSignal_wrapper 00000001800163d8     sf_runtime:sf_runtime.dll
 0002:000003e0       __imp_sim_mode_is_rtw_gen  00000001800163e0     sf_runtime:sf_runtime.dll
 0002:000003e8       __imp_sim_mode_is_external 00000001800163e8     sf_runtime:sf_runtime.dll
 0002:000003f0       __imp_sf_is_chart_inlinable 00000001800163f0     sf_runtime:sf_runtime.dll
 0002:000003f8       __imp_sf_rtw_info_uint_prop 00000001800163f8     sf_runtime:sf_runtime.dll
 0002:00000400       __imp_sf_update_buildInfo  0000000180016400     sf_runtime:sf_runtime.dll
 0002:00000408       __imp_sf_mark_chart_expressionable_inputs 0000000180016408     sf_runtime:sf_runtime.dll
 0002:00000410       __imp_sf_mark_chart_reusable_outputs 0000000180016410     sf_runtime:sf_runtime.dll
 0002:00000418       __imp_sf_set_rtw_dwork_info 0000000180016418     sf_runtime:sf_runtime.dll
 0002:00000420       __imp_sf_mex_error_message 0000000180016420     sf_runtime:sf_runtime.dll
 0002:00000428       __imp_sf_mex_create        0000000180016428     sf_runtime:sf_runtime.dll
 0002:00000430       __imp_sf_mex_addfield      0000000180016430     sf_runtime:sf_runtime.dll
 0002:00000438       __imp_sf_mex_createcellmatrix 0000000180016438     sf_runtime:sf_runtime.dll
 0002:00000440       __imp_sf_mex_duplicatearraysafe 0000000180016440     sf_runtime:sf_runtime.dll
 0002:00000448       __imp_sf_mex_destroy       0000000180016448     sf_runtime:sf_runtime.dll
 0002:00000450       __imp_sf_mex_createstruct  0000000180016450     sf_runtime:sf_runtime.dll
 0002:00000458       __imp_sf_mex_assign        0000000180016458     sf_runtime:sf_runtime.dll
 0002:00000460       __imp_sf_mex_emlrtNameCapturePostProcessR2012a 0000000180016460     sf_runtime:sf_runtime.dll
 0002:00000468       __imp_sf_load_rtw_optimization_info 0000000180016468     sf_runtime:sf_runtime.dll
 0002:00000470       __imp_sf_debug_initialize_machine 0000000180016470     sf_runtime:sf_runtime.dll
 0002:00000478       __imp_sf_debug_set_machine_event_thresholds 0000000180016478     sf_runtime:sf_runtime.dll
 0002:00000480       __imp_sf_debug_set_machine_data_thresholds 0000000180016480     sf_runtime:sf_runtime.dll
 0002:00000488       \177sf_runtime_NULL_THUNK_DATA 0000000180016488     sf_runtime:sf_runtime.dll
 0002:00000490       __xc_a                     0000000180016490     MSVCRT:cinitexe.obj
 0002:00000498       __xc_z                     0000000180016498     MSVCRT:cinitexe.obj
 0002:000004a0       __xi_a                     00000001800164a0     MSVCRT:cinitexe.obj
 0002:000004b0       __xi_z                     00000001800164b0     MSVCRT:cinitexe.obj
 0002:000004c0       __real@41ee958c70400000    00000001800164c0     RC_DOB_mdl_sfun.obj
 0002:000004c8       __real@41d749895c400000    00000001800164c8     RC_DOB_mdl_sfun.obj
 0002:000004d0       __real@41e3f67feba00000    00000001800164d0     RC_DOB_mdl_sfun.obj
 0002:000004d8       __real@41e8530e34800000    00000001800164d8     RC_DOB_mdl_sfun.obj
 0002:000004e0       __real@41e1914a24400000    00000001800164e0     RC_DOB_mdl_sfun.obj
 0002:000004e8       __real@41ead1319ec00000    00000001800164e8     RC_DOB_mdl_sfun.obj
 0002:000004f0       __real@41ddae3573400000    00000001800164f0     RC_DOB_mdl_sfun.obj
 0002:000004f8       __real@41e6cf0aa2400000    00000001800164f8     RC_DOB_mdl_sfun.obj
 0002:00000500       __real@41b334e4b0000000    0000000180016500     RC_DOB_mdl_sfun.obj
 0002:00000508       __real@41cde05638800000    0000000180016508     RC_DOB_mdl_sfun.obj
 0002:00000510       __real@41b5e180da000000    0000000180016510     RC_DOB_mdl_sfun.obj
 0002:00000518       __real@41eacb462f800000    0000000180016518     RC_DOB_mdl_sfun.obj
 0002:00000520       __real@41e762336ec00000    0000000180016520     RC_DOB_mdl_sfun.obj
 0002:00000528       __real@41c944e963800000    0000000180016528     RC_DOB_mdl_sfun.obj
 0002:00000530       __real@41ec5ce208e00000    0000000180016530     RC_DOB_mdl_sfun.obj
 0002:00000538       __real@41cce64eb6000000    0000000180016538     RC_DOB_mdl_sfun.obj
 0002:00000540       __real@41e76b0d9e200000    0000000180016540     c1_RC_DOB_mdl.obj
 0002:00000548       __real@41ebab50d4800000    0000000180016548     c1_RC_DOB_mdl.obj
 0002:00000550       __real@41edd8368a400000    0000000180016550     c1_RC_DOB_mdl.obj
 0002:00000558       __real@41dcd0a9f4000000    0000000180016558     c1_RC_DOB_mdl.obj
 0002:00000560       __real@4024000000000000    0000000180016560     c1_RC_DOB_mdl.obj
 0002:00000568       __real@3ff0000000000000    0000000180016568     c1_RC_DOB_mdl.obj
 0002:00000570       __mask@@NegDouble@         0000000180016570     c1_RC_DOB_mdl.obj
 0002:00000580       __real@0000000000000000    0000000180016580     c1_RC_DOB_mdl.obj
 0002:00000588       __real@406b800000000000    0000000180016588     c1_RC_DOB_mdl.obj
 0002:00000590       __real@4000000000000000    0000000180016590     c1_RC_DOB_mdl.obj
 0002:00000598       __real@4026000000000000    0000000180016598     c1_RC_DOB_mdl.obj
 0002:000005a0       DYNAMIC_DIMENSION_DEF      00000001800165a0     RC_DOB_mdl_sfun_registry.obj
 0002:000005c0       _ssBadLevel2InputAccessMsg 00000001800165c0     RC_DOB_mdl_sfun_registry.obj
 0002:00000750       _ssBadLevel2DirectFeedMsg  0000000180016750     RC_DOB_mdl_sfun_registry.obj
 0002:00000890       _ssBadLevel2DirectFeedSolutionMsg 0000000180016890     RC_DOB_mdl_sfun_registry.obj
 0002:00000900       _ssBadLevel2ZeroDirectFeedMsg 0000000180016900     RC_DOB_mdl_sfun_registry.obj
 0002:00000a40       _ssBadLevel2ZeroDirectFeedMsg2 0000000180016a40     RC_DOB_mdl_sfun_registry.obj
 0002:00000b28       __real@bff0000000000000    0000000180016b28     RC_DOB_mdl_sfun_registry.obj
 0002:00000b30       __real@41602cbca0000000    0000000180016b30     RC_DOB_mdl_sfun_registry.obj
 0002:00000b38       _pDefaultRawDllMain        0000000180016b38     MSVCRT:crtdll.obj
 0002:00000b38       _pRawDllMain               0000000180016b38     MSVCRT:crtdll.obj
 0002:00000b50       ?ProcessDetach@NativeDll@<CrtImplementationDetails>@@0IB 0000000180016b50     MSVCRT:tncleanup.obj
 0002:00000b54       ?ProcessAttach@NativeDll@<CrtImplementationDetails>@@0IB 0000000180016b54     MSVCRT:tncleanup.obj
 0002:00000b58       ?ThreadAttach@NativeDll@<CrtImplementationDetails>@@0IB 0000000180016b58     MSVCRT:tncleanup.obj
 0002:00000b5c       ?ThreadDetach@NativeDll@<CrtImplementationDetails>@@0IB 0000000180016b5c     MSVCRT:tncleanup.obj
 0002:00000b60       ?ProcessVerifier@NativeDll@<CrtImplementationDetails>@@0IB 0000000180016b60     MSVCRT:tncleanup.obj
 0002:00000b68       __rtc_iaa                  0000000180016b68     MSVCRT:_initsect_.obj
 0002:00000b70       __rtc_izz                  0000000180016b70     MSVCRT:_initsect_.obj
 0002:00000b78       __rtc_taa                  0000000180016b78     MSVCRT:_initsect_.obj
 0002:00000b80       __rtc_tzz                  0000000180016b80     MSVCRT:_initsect_.obj
 0002:00001320       __IMPORT_DESCRIPTOR_sf_runtime 0000000180017320     sf_runtime:sf_runtime.dll
 0002:00001334       __IMPORT_DESCRIPTOR_libmx  0000000180017334     libmx:libmx.dll
 0002:00001348       __IMPORT_DESCRIPTOR_libmex 0000000180017348     libmex:libmex.dll
 0002:0000135c       __IMPORT_DESCRIPTOR_libut  000000018001735c     libut:libut.dll
 0002:00001370       __IMPORT_DESCRIPTOR_libmwmathutil 0000000180017370     libmwmathutil:libmwmathutil.dll
 0002:00001384       __IMPORT_DESCRIPTOR_MSVCR100 0000000180017384     MSVCRT:MSVCR100.dll
 0002:00001398       __IMPORT_DESCRIPTOR_KERNEL32 0000000180017398     kernel32:KERNEL32.dll
 0002:000013ac       __NULL_IMPORT_DESCRIPTOR   00000001800173ac     sf_runtime:sf_runtime.dll
 0003:00003240       DYNAMIC_DIMENSION          000000018001c240     RC_DOB_mdl_sfun_registry.obj
 0003:00003e48       __security_cookie          000000018001ce48     MSVCRT:gs_cookie.obj
 0003:00003e50       __security_cookie_complement 000000018001ce50     MSVCRT:gs_cookie.obj
 0003:00003e58       _fltused                   000000018001ce58     MSVCRT:dllsupp.obj
 0003:00003e60       __native_dllmain_reason    000000018001ce60     MSVCRT:natstart.obj
 0003:00003e64       __native_vcclrit_reason    000000018001ce64     MSVCRT:natstart.obj
 0003:00003f58       sfGlobalDebugInstanceStruct 000000018001cf58     RC_DOB_mdl_sfun_registry.obj
 0003:000044e0       ?__type_info_root_node@@3U__type_info_node@@A 000000018001d4e0     MSVCRT:tncleanup.obj
 0003:000044f0       _RC_DOB_mdlMachineNumber_  000000018001d4f0     <common>
 0003:000044f4       __native_startup_state     000000018001d4f4     <common>
 0003:000044f8       __native_startup_lock      000000018001d4f8     <common>
 0003:00004500       __onexitend                000000018001d500     <common>
 0003:00004508       __onexitbegin              000000018001d508     <common>
 0003:00004510       __dyn_tls_init_callback    000000018001d510     <common>

 entry point at        0001:00014260

 Static symbols

 0001:00000da0       c1_info_helper             0000000180001da0 f   c1_RC_DOB_mdl.obj
 0001:000040c0       c1_emlrt_marshallOut       00000001800050c0 f   c1_RC_DOB_mdl.obj
 0001:00004150       c1_b_emlrt_marshallOut     0000000180005150 f   c1_RC_DOB_mdl.obj
 0001:00005710       mdlProcessParameters_c1_RC_DOB_mdl 0000000180006710 f   c1_RC_DOB_mdl.obj
 0001:000057f0       initialize_params_c1_RC_DOB_mdl 00000001800067f0 f   c1_RC_DOB_mdl.obj
 0001:00005800       mdlSetWorkWidths_c1_RC_DOB_mdl 0000000180006800 f   c1_RC_DOB_mdl.obj
 0001:00005eb0       sf_get_instance_specialization 0000000180006eb0 f   c1_RC_DOB_mdl.obj
 0001:00005ec0       mdlStart_c1_RC_DOB_mdl     0000000180006ec0 f   c1_RC_DOB_mdl.obj
 0001:00006140       init_dsm_address_info      0000000180007140 f   c1_RC_DOB_mdl.obj
 0001:00006150       init_simulink_io_address   0000000180007150 f   c1_RC_DOB_mdl.obj
 0001:000062f0       sf_get_sim_state_info_c1_RC_DOB_mdl 00000001800072f0 f   c1_RC_DOB_mdl.obj
 0001:000063b0       chart_debug_initialization 00000001800073b0 f   c1_RC_DOB_mdl.obj
 0001:00007e30       init_script_number_translation 0000000180008e30 f   c1_RC_DOB_mdl.obj
 0001:00007e50       c1_h_sf_marshallOut        0000000180008e50 f   c1_RC_DOB_mdl.obj
 0001:00007f00       c1_h_sf_marshallIn         0000000180008f00 f   c1_RC_DOB_mdl.obj
 0001:00007fa0       c1_p_emlrt_marshallIn      0000000180008fa0 f   c1_RC_DOB_mdl.obj
 0001:00008030       sf_opaque_initialize_c1_RC_DOB_mdl 0000000180009030 f   c1_RC_DOB_mdl.obj
 0001:00008070       initialize_c1_RC_DOB_mdl   0000000180009070 f   c1_RC_DOB_mdl.obj
 0001:00008110       sf_opaque_enable_c1_RC_DOB_mdl 0000000180009110 f   c1_RC_DOB_mdl.obj
 0001:00008130       enable_c1_RC_DOB_mdl       0000000180009130 f   c1_RC_DOB_mdl.obj
 0001:00008160       sf_opaque_disable_c1_RC_DOB_mdl 0000000180009160 f   c1_RC_DOB_mdl.obj
 0001:00008180       disable_c1_RC_DOB_mdl      0000000180009180 f   c1_RC_DOB_mdl.obj
 0001:000081b0       sf_opaque_gateway_c1_RC_DOB_mdl 00000001800091b0 f   c1_RC_DOB_mdl.obj
 0001:000081d0       sf_gateway_c1_RC_DOB_mdl   00000001800091d0 f   c1_RC_DOB_mdl.obj
 0001:00008710       c1_chartstep_c1_RC_DOB_mdl 0000000180009710 f   c1_RC_DOB_mdl.obj
 0001:0000a9e0       c1_sf_marshallOut          000000018000b9e0 f   c1_RC_DOB_mdl.obj
 0001:0000ab00       c1_sf_marshallIn           000000018000bb00 f   c1_RC_DOB_mdl.obj
 0001:0000aba0       c1_b_emlrt_marshallIn      000000018000bba0 f   c1_RC_DOB_mdl.obj
 0001:0000ac60       c1_b_sf_marshallOut        000000018000bc60 f   c1_RC_DOB_mdl.obj
 0001:0000ad80       c1_b_sf_marshallIn         000000018000bd80 f   c1_RC_DOB_mdl.obj
 0001:0000ae20       c1_d_emlrt_marshallIn      000000018000be20 f   c1_RC_DOB_mdl.obj
 0001:0000aee0       c1_c_sf_marshallOut        000000018000bee0 f   c1_RC_DOB_mdl.obj
 0001:0000b000       c1_c_sf_marshallIn         000000018000c000 f   c1_RC_DOB_mdl.obj
 0001:0000b0a0       c1_f_emlrt_marshallIn      000000018000c0a0 f   c1_RC_DOB_mdl.obj
 0001:0000b160       c1_d_sf_marshallOut        000000018000c160 f   c1_RC_DOB_mdl.obj
 0001:0000b280       c1_d_sf_marshallIn         000000018000c280 f   c1_RC_DOB_mdl.obj
 0001:0000b320       c1_h_emlrt_marshallIn      000000018000c320 f   c1_RC_DOB_mdl.obj
 0001:0000b3e0       c1_e_sf_marshallOut        000000018000c3e0 f   c1_RC_DOB_mdl.obj
 0001:0000b500       c1_e_sf_marshallIn         000000018000c500 f   c1_RC_DOB_mdl.obj
 0001:0000b5a0       c1_j_emlrt_marshallIn      000000018000c5a0 f   c1_RC_DOB_mdl.obj
 0001:0000b660       c1_f_sf_marshallOut        000000018000c660 f   c1_RC_DOB_mdl.obj
 0001:0000b870       c1_f_sf_marshallIn         000000018000c870 f   c1_RC_DOB_mdl.obj
 0001:0000b9b0       c1_l_emlrt_marshallIn      000000018000c9b0 f   c1_RC_DOB_mdl.obj
 0001:0000bb30       c1_g_sf_marshallOut        000000018000cb30 f   c1_RC_DOB_mdl.obj
 0001:0000bc50       c1_g_sf_marshallIn         000000018000cc50 f   c1_RC_DOB_mdl.obj
 0001:0000bcf0       c1_n_emlrt_marshallIn      000000018000ccf0 f   c1_RC_DOB_mdl.obj
 0001:0000bdb0       c1_eml_scalar_eg           000000018000cdb0 f   c1_RC_DOB_mdl.obj
 0001:0000bdc0       sf_opaque_get_sim_state_c1_RC_DOB_mdl 000000018000cdc0 f   c1_RC_DOB_mdl.obj
 0001:0000be10       get_sim_state_c1_RC_DOB_mdl 000000018000ce10 f   c1_RC_DOB_mdl.obj
 0001:0000c810       sf_opaque_set_sim_state_c1_RC_DOB_mdl 000000018000d810 f   c1_RC_DOB_mdl.obj
 0001:0000c860       set_sim_state_c1_RC_DOB_mdl 000000018000d860 f   c1_RC_DOB_mdl.obj
 0001:0000cbb0       c1_update_debugger_state_c1_RC_DOB_mdl 000000018000dbb0 f   c1_RC_DOB_mdl.obj
 0001:0000cbc0       c1_emlrt_marshallIn        000000018000dbc0 f   c1_RC_DOB_mdl.obj
 0001:0000cc30       c1_c_emlrt_marshallIn      000000018000dc30 f   c1_RC_DOB_mdl.obj
 0001:0000cca0       c1_e_emlrt_marshallIn      000000018000dca0 f   c1_RC_DOB_mdl.obj
 0001:0000cd10       c1_g_emlrt_marshallIn      000000018000dd10 f   c1_RC_DOB_mdl.obj
 0001:0000cd80       c1_i_emlrt_marshallIn      000000018000dd80 f   c1_RC_DOB_mdl.obj
 0001:0000cdf0       c1_k_emlrt_marshallIn      000000018000ddf0 f   c1_RC_DOB_mdl.obj
 0001:0000ce60       c1_m_emlrt_marshallIn      000000018000de60 f   c1_RC_DOB_mdl.obj
 0001:0000ced0       c1_o_emlrt_marshallIn      000000018000ded0 f   c1_RC_DOB_mdl.obj
 0001:0000cf40       c1_r_emlrt_marshallIn      000000018000df40 f   c1_RC_DOB_mdl.obj
 0001:0000cfa0       c1_s_emlrt_marshallIn      000000018000dfa0 f   c1_RC_DOB_mdl.obj
 0001:0000d030       sf_opaque_terminate_c1_RC_DOB_mdl 000000018000e030 f   c1_RC_DOB_mdl.obj
 0001:0000d0d0       finalize_c1_RC_DOB_mdl     000000018000e0d0 f   c1_RC_DOB_mdl.obj
 0001:0000d0e0       sf_opaque_init_subchart_simstructs 000000018000e0e0 f   c1_RC_DOB_mdl.obj
 0001:0000d100       initSimStructsc1_RC_DOB_mdl 000000018000e100 f   c1_RC_DOB_mdl.obj
 0001:0000d110       mdlRTW_c1_RC_DOB_mdl       000000018000e110 f   c1_RC_DOB_mdl.obj
 0001:0000dec0       getChartInfoFromSimStruct  000000018000eec0 f   RC_DOB_mdl_sfun_registry.obj
 0001:0000f560       _ssFatalError              0000000180010560 f   RC_DOB_mdl_sfun_registry.obj
 0001:00012610       ProcessMexSfunctionCmdLineCall 0000000180013610 f   RC_DOB_mdl_sfun_registry.obj
 0001:000127b0       sf_debug_api_wrapper       00000001800137b0 f   RC_DOB_mdl_sfun_registry.obj
 0001:00012800       mdlStart                   0000000180013800 f   RC_DOB_mdl_sfun_registry.obj
 0001:00012830       mdl_start_processing       0000000180013830 f   RC_DOB_mdl_sfun_registry.obj
 0001:000128f0       mdlTerminate               00000001800138f0 f   RC_DOB_mdl_sfun_registry.obj
 0001:00012920       mdl_terminate_processing   0000000180013920 f   RC_DOB_mdl_sfun_registry.obj
 0001:000129a0       mdlInitializeSampleTimes   00000001800139a0 f   RC_DOB_mdl_sfun_registry.obj
 0001:000129d0       mdlZeroCrossings           00000001800139d0 f   RC_DOB_mdl_sfun_registry.obj
 0001:00012a00       mdl_zeroCrossings_processing 0000000180013a00 f   RC_DOB_mdl_sfun_registry.obj
 0001:00012a40       mdlDerivatives             0000000180013a40 f   RC_DOB_mdl_sfun_registry.obj
 0001:00012a70       mdl_derivatives_processing 0000000180013a70 f   RC_DOB_mdl_sfun_registry.obj
 0001:00012ac0       mdlInitializeConditions    0000000180013ac0 f   RC_DOB_mdl_sfun_registry.obj
 0001:00012af0       mdl_initialize_conditions_processing 0000000180013af0 f   RC_DOB_mdl_sfun_registry.obj
 0001:00012b40       mdlEnable                  0000000180013b40 f   RC_DOB_mdl_sfun_registry.obj
 0001:00012b70       mdl_enable_processing      0000000180013b70 f   RC_DOB_mdl_sfun_registry.obj
 0001:00012bb0       mdlDisable                 0000000180013bb0 f   RC_DOB_mdl_sfun_registry.obj
 0001:00012be0       mdl_disable_processing     0000000180013be0 f   RC_DOB_mdl_sfun_registry.obj
 0001:00012c20       mdlOutputs                 0000000180013c20 f   RC_DOB_mdl_sfun_registry.obj
 0001:00012c50       mdl_outputs_processing     0000000180013c50 f   RC_DOB_mdl_sfun_registry.obj
 0001:00012d30       mdl_outputs_continuous_legacy 0000000180013d30 f   RC_DOB_mdl_sfun_registry.obj
 0001:00012e20       mdlGetTimeOfNextVarHit     0000000180013e20 f   RC_DOB_mdl_sfun_registry.obj
 0001:00012e70       _ProcessMexSfunctionCmdLineCall 0000000180013e70 f   RC_DOB_mdl_sfun_registry.obj
 0001:000135c0       mdlSetWorkWidths           00000001800145c0 f   RC_DOB_mdl_sfun_registry.obj
 0001:000135f0       mdlProcessParameters       00000001800145f0 f   RC_DOB_mdl_sfun_registry.obj
 0001:00013620       mdlInitializeSizes         0000000180014620 f   RC_DOB_mdl_sfun_registry.obj
 0001:00013650       mdlExtModeExec             0000000180014650 f   RC_DOB_mdl_sfun_registry.obj
 0001:00013680       mdl_ext_mode_exec_processing 0000000180014680 f   RC_DOB_mdl_sfun_registry.obj
 0001:000136c0       mdlRTW                     00000001800146c0 f   RC_DOB_mdl_sfun_registry.obj
 0001:00013700       _CreateSimStruct           0000000180014700 f   RC_DOB_mdl_sfun_registry.obj
 0001:00013890       _RegNumInputPortsCB        0000000180014890 f   RC_DOB_mdl_sfun_registry.obj
 0001:00013910       _RegNumOutputPortsCB       0000000180014910 f   RC_DOB_mdl_sfun_registry.obj
 0001:00013e68       pre_c_init                 0000000180014e68 f   MSVCRT:crtdll.obj
 0001:00014124       __DllMainCRTStartup        0000000180015124 f   MSVCRT:crtdll.obj
 0001:00014790       __DllMainCRTStartup$filt$0 0000000180015790 f   MSVCRT:crtdll.obj
 0001:000147c0       __DllMainCRTStartup$fin$1  00000001800157c0 f   MSVCRT:crtdll.obj
 0001:000147da       _onexit$fin$0              00000001800157da f   MSVCRT:atonexit.obj
 0001:00014800       _IsNonwritableInCurrentImage$filt$0 0000000180015800 f   MSVCRT:pesect.obj
